{
    "price": {
        "amount": "1575",
        "currency": "EUR"
    },
    "description": "Large pizza, Thin crust, Tomato sauce, Cheese, Extra cheese, Garlic, Mushrooms, Ham, Peppers"
}
