{
    "price": {
        "amount": "1450",
        "currency": "EUR"
    },
    "description": "Medium pizza, Thin crust, Tomato sauce, Cheese, Extra cheese, Unions, Extra cheese, Mushrooms"
}
