{
    "price": {
        "amount": "1250",
        "currency": "EUR"
    },
    "description": "Medium pizza, Thin crust, Tomato sauce, Cheese, Extra cheese, Pepperoni"
}
