{
    "price": {
        "amount": "1000",
        "currency": "EUR"
    },
    "toppings": [],
    "description": "Medium pizza, Thin crust, Tomato sauce, Cheese"
}
