{
    "orderId": "order-test",
    "pizzas": [
        {
            "price": {
                "amount": "1425",
                "currency": "EUR"
            },
            "description": "Medium pizza, Thin crust, Tomato sauce, Cheese, Extra cheese, Garlic, Mushrooms, Ham, Peppers"
        },
        {
            "price": {
                "amount": "1450",
                "currency": "EUR"
            },
            "description": "Large pizza, Thick crust, Tomato sauce, Cheese, Extra cheese, Pepperoni"
        }
    ]
}
